// Jest Snapshot v1, https://goo.gl/fbAQLP

exports[`snapshot tests should render component 1`] = `
<div>
  <h1>
    Hello you!
  </h1>
  <p>
    Snapshots and Mocks are awesome with Jest
  </p>
</div>
`;
